c:\users\jairo.desktop-8vgqsf6\desktop\servidor   por fuera dev la  raiz\wair0\vcproj-12\common\debug\malloc.obj
c:\users\jairo.desktop-8vgqsf6\desktop\servidor   por fuera dev la  raiz\wair0\vcproj-12\common\debug\db.obj
c:\users\jairo.desktop-8vgqsf6\desktop\servidor   por fuera dev la  raiz\wair0\vcproj-12\common\debug\des.obj
c:\users\jairo.desktop-8vgqsf6\desktop\servidor   por fuera dev la  raiz\wair0\vcproj-12\common\debug\socket.obj
c:\users\jairo.desktop-8vgqsf6\desktop\servidor   por fuera dev la  raiz\wair0\vcproj-12\common\debug\md5calc.obj
c:\users\jairo.desktop-8vgqsf6\desktop\servidor   por fuera dev la  raiz\wair0\vcproj-12\common\debug\showmsg.obj
c:\users\jairo.desktop-8vgqsf6\desktop\servidor   por fuera dev la  raiz\wair0\vcproj-12\common\debug\ers.obj
c:\users\jairo.desktop-8vgqsf6\desktop\servidor   por fuera dev la  raiz\wair0\vcproj-12\common\debug\strlib.obj
c:\users\jairo.desktop-8vgqsf6\desktop\servidor   por fuera dev la  raiz\wair0\vcproj-12\common\debug\mapindex.obj
c:\users\jairo.desktop-8vgqsf6\desktop\servidor   por fuera dev la  raiz\wair0\vcproj-12\common\debug\core.obj
c:\users\jairo.desktop-8vgqsf6\desktop\servidor   por fuera dev la  raiz\wair0\vcproj-12\common\debug\plugins.obj
c:\users\jairo.desktop-8vgqsf6\desktop\servidor   por fuera dev la  raiz\wair0\vcproj-12\common\debug\grfio.obj
c:\users\jairo.desktop-8vgqsf6\desktop\servidor   por fuera dev la  raiz\wair0\vcproj-12\common\debug\nullpo.obj
c:\users\jairo.desktop-8vgqsf6\desktop\servidor   por fuera dev la  raiz\wair0\vcproj-12\common\debug\timer.obj
c:\users\jairo.desktop-8vgqsf6\desktop\servidor   por fuera dev la  raiz\wair0\vcproj-12\common\debug\lock.obj
c:\users\jairo.desktop-8vgqsf6\desktop\servidor   por fuera dev la  raiz\wair0\vcproj-12\common\debug\utils.obj
c:\users\jairo.desktop-8vgqsf6\desktop\servidor   por fuera dev la  raiz\wair0\vcproj-12\common\debug\mt19937ar.obj
c:\users\jairo.desktop-8vgqsf6\desktop\servidor   por fuera dev la  raiz\wair0\vcproj-12\common\debug\random.obj
c:\users\jairo.desktop-8vgqsf6\desktop\servidor   por fuera dev la  raiz\wair0\vcproj-12\common\debug\common.pdb
c:\users\jairo.desktop-8vgqsf6\desktop\servidor   por fuera dev la  raiz\wair0\vcproj-12\common\debug\common.lib
c:\users\jairo.desktop-8vgqsf6\desktop\servidor   por fuera dev la  raiz\wair0\vcproj-12\common\debug\common.tlog\cl.command.1.tlog
c:\users\jairo.desktop-8vgqsf6\desktop\servidor   por fuera dev la  raiz\wair0\vcproj-12\common\debug\common.tlog\cl.read.1.tlog
c:\users\jairo.desktop-8vgqsf6\desktop\servidor   por fuera dev la  raiz\wair0\vcproj-12\common\debug\common.tlog\cl.write.1.tlog
c:\users\jairo.desktop-8vgqsf6\desktop\servidor   por fuera dev la  raiz\wair0\vcproj-12\common\debug\common.tlog\lib-link.write.1.tlog
c:\users\jairo.desktop-8vgqsf6\desktop\servidor   por fuera dev la  raiz\wair0\vcproj-12\common\debug\common.tlog\lib.command.1.tlog
c:\users\jairo.desktop-8vgqsf6\desktop\servidor   por fuera dev la  raiz\wair0\vcproj-12\common\debug\common.tlog\lib.read.1.tlog
