  achievement.c
  atcommand.c
  battle.c
  battleground.c
  buyingstore.c
  channel.c
  chat.c
  chrif.c
  clif.c
  date.c
  duel.c
  faction.c
C:\Users\Jairo.DESKTOP-8VGQSF6\Documents\GitHub\eamod\Servers\eAthena\src\common\malloc.h(87,6): error C2061: error de sintaxis: identificador 'malloc_verify_ptr'
  (compilando archivo de origen "../src/map/atcommand.c")
  
C:\Users\Jairo.DESKTOP-8VGQSF6\Documents\GitHub\eamod\Servers\eAthena\src\common\malloc.h(87,6): error C2059: error de sintaxis: ';'
  (compilando archivo de origen "../src/map/atcommand.c")
  
C:\Users\Jairo.DESKTOP-8VGQSF6\Documents\GitHub\eamod\Servers\eAthena\src\common\malloc.h(87,24): error C2059: error de sintaxis: '<parameter-list>'
  (compilando archivo de origen "../src/map/atcommand.c")
  
C:\Users\Jairo.DESKTOP-8VGQSF6\Documents\GitHub\eamod\Servers\eAthena\src\common\malloc.h(87,6): error C2061: error de sintaxis: identificador 'malloc_verify_ptr'
  (compilando archivo de origen "../src/map/battle.c")
  
C:\Users\Jairo.DESKTOP-8VGQSF6\Documents\GitHub\eamod\Servers\eAthena\src\common\malloc.h(87,6): error C2059: error de sintaxis: ';'
  (compilando archivo de origen "../src/map/battle.c")
  
C:\Users\Jairo.DESKTOP-8VGQSF6\Documents\GitHub\eamod\Servers\eAthena\src\common\malloc.h(87,24): error C2059: error de sintaxis: '<parameter-list>'
  (compilando archivo de origen "../src/map/battle.c")
  
C:\Users\Jairo.DESKTOP-8VGQSF6\Documents\GitHub\eamod\Servers\eAthena\src\common\malloc.h(87,6): error C2061: error de sintaxis: identificador 'malloc_verify_ptr'
  (compilando archivo de origen "../src/map/buyingstore.c")
  
C:\Users\Jairo.DESKTOP-8VGQSF6\Documents\GitHub\eamod\Servers\eAthena\src\common\malloc.h(87,6): error C2059: error de sintaxis: ';'
  (compilando archivo de origen "../src/map/buyingstore.c")
  
C:\Users\Jairo.DESKTOP-8VGQSF6\Documents\GitHub\eamod\Servers\eAthena\src\common\malloc.h(87,24): error C2059: error de sintaxis: '<parameter-list>'
  (compilando archivo de origen "../src/map/buyingstore.c")
  
C:\Users\Jairo.DESKTOP-8VGQSF6\Documents\GitHub\eamod\Servers\eAthena\src\common\malloc.h(87,6): error C2061: error de sintaxis: identificador 'malloc_verify_ptr'
  (compilando archivo de origen "../src/map/achievement.c")
  
C:\Users\Jairo.DESKTOP-8VGQSF6\Documents\GitHub\eamod\Servers\eAthena\src\common\malloc.h(87,6): error C2059: error de sintaxis: ';'
  (compilando archivo de origen "../src/map/achievement.c")
  
C:\Users\Jairo.DESKTOP-8VGQSF6\Documents\GitHub\eamod\Servers\eAthena\src\common\malloc.h(87,24): error C2059: error de sintaxis: '<parameter-list>'
  (compilando archivo de origen "../src/map/achievement.c")
  
C:\Program Files (x86)\Windows Kits\10\Include\10.0.26100.0\ucrt\stdio.h(1912,17): warning C4005: 'snprintf': redefinición de macro
  (compilando archivo de origen "../src/map/channel.c")
      C:\Users\Jairo.DESKTOP-8VGQSF6\Documents\GitHub\eamod\Servers\eAthena\src\common\cbasetypes.h(211,9):
      vea la definición anterior de “snprintf”
  
C:\Program Files (x86)\Windows Kits\10\Include\10.0.26100.0\ucrt\stdio.h(1914,1): error C1189: #error:  Macro definition of snprintf conflicts with Standard Library function declaration
  (compilando archivo de origen "../src/map/channel.c")
  
  guild.c
C:\Users\Jairo.DESKTOP-8VGQSF6\Documents\GitHub\eamod\Servers\eAthena\src\common\malloc.h(87,6): error C2061: error de sintaxis: identificador 'malloc_verify_ptr'
  (compilando archivo de origen "../src/map/duel.c")
  
C:\Users\Jairo.DESKTOP-8VGQSF6\Documents\GitHub\eamod\Servers\eAthena\src\common\malloc.h(87,6): error C2059: error de sintaxis: ';'
  (compilando archivo de origen "../src/map/duel.c")
  
C:\Users\Jairo.DESKTOP-8VGQSF6\Documents\GitHub\eamod\Servers\eAthena\src\common\malloc.h(87,24): error C2059: error de sintaxis: '<parameter-list>'
  (compilando archivo de origen "../src/map/duel.c")
  
C:\Users\Jairo.DESKTOP-8VGQSF6\Documents\GitHub\eamod\Servers\eAthena\src\common\malloc.h(87,6): error C2061: error de sintaxis: identificador 'malloc_verify_ptr'
  (compilando archivo de origen "../src/map/chat.c")
  
C:\Users\Jairo.DESKTOP-8VGQSF6\Documents\GitHub\eamod\Servers\eAthena\src\common\malloc.h(87,6): error C2059: error de sintaxis: ';'
  (compilando archivo de origen "../src/map/chat.c")
  
C:\Users\Jairo.DESKTOP-8VGQSF6\Documents\GitHub\eamod\Servers\eAthena\src\common\malloc.h(87,24): error C2059: error de sintaxis: '<parameter-list>'
  (compilando archivo de origen "../src/map/chat.c")
  
C:\Program Files (x86)\Windows Kits\10\Include\10.0.26100.0\ucrt\stdio.h(1912,17): warning C4005: 'snprintf': redefinición de macro
  (compilando archivo de origen "../src/map/battle.c")
      C:\Users\Jairo.DESKTOP-8VGQSF6\Documents\GitHub\eamod\Servers\eAthena\src\common\cbasetypes.h(211,9):
      vea la definición anterior de “snprintf”
  
C:\Program Files (x86)\Windows Kits\10\Include\10.0.26100.0\ucrt\stdio.h(1914,1): error C1189: #error:  Macro definition of snprintf conflicts with Standard Library function declaration
  (compilando archivo de origen "../src/map/battle.c")
  
C:\Users\Jairo.DESKTOP-8VGQSF6\Documents\GitHub\eamod\Servers\eAthena\src\common\malloc.h(87,6): error C2061: error de sintaxis: identificador 'malloc_verify_ptr'
  (compilando archivo de origen "../src/map/chrif.c")
  
C:\Users\Jairo.DESKTOP-8VGQSF6\Documents\GitHub\eamod\Servers\eAthena\src\common\malloc.h(87,6): error C2059: error de sintaxis: ';'
  (compilando archivo de origen "../src/map/chrif.c")
  
C:\Users\Jairo.DESKTOP-8VGQSF6\Documents\GitHub\eamod\Servers\eAthena\src\common\malloc.h(87,24): error C2059: error de sintaxis: '<parameter-list>'
  (compilando archivo de origen "../src/map/chrif.c")
  
C:\Program Files (x86)\Windows Kits\10\Include\10.0.26100.0\ucrt\stdio.h(1912,17): warning C4005: 'snprintf': redefinición de macro
  (compilando archivo de origen "../src/map/achievement.c")
      C:\Users\Jairo.DESKTOP-8VGQSF6\Documents\GitHub\eamod\Servers\eAthena\src\common\cbasetypes.h(211,9):
      vea la definición anterior de “snprintf”
  
C:\Program Files (x86)\Windows Kits\10\Include\10.0.26100.0\ucrt\stdio.h(1914,1): error C1189: #error:  Macro definition of snprintf conflicts with Standard Library function declaration
  (compilando archivo de origen "../src/map/achievement.c")
  
  guild_castle.c
C:\Users\Jairo.DESKTOP-8VGQSF6\Documents\GitHub\eamod\Servers\eAthena\src\common\malloc.h(87,6): error C2061: error de sintaxis: identificador 'malloc_verify_ptr'
  (compilando archivo de origen "../src/map/battleground.c")
  
C:\Users\Jairo.DESKTOP-8VGQSF6\Documents\GitHub\eamod\Servers\eAthena\src\common\malloc.h(87,6): error C2059: error de sintaxis: ';'
  (compilando archivo de origen "../src/map/battleground.c")
  
C:\Users\Jairo.DESKTOP-8VGQSF6\Documents\GitHub\eamod\Servers\eAthena\src\common\malloc.h(87,24): error C2059: error de sintaxis: '<parameter-list>'
  (compilando archivo de origen "../src/map/battleground.c")
  
  guild_expcache.c
C:\Program Files (x86)\Windows Kits\10\Include\10.0.26100.0\ucrt\stdio.h(1912,17): warning C4005: 'snprintf': redefinición de macro
  (compilando archivo de origen "../src/map/chat.c")
      C:\Users\Jairo.DESKTOP-8VGQSF6\Documents\GitHub\eamod\Servers\eAthena\src\common\cbasetypes.h(211,9):
      vea la definición anterior de “snprintf”
  
C:\Program Files (x86)\Windows Kits\10\Include\10.0.26100.0\ucrt\stdio.h(1914,1): error C1189: #error:  Macro definition of snprintf conflicts with Standard Library function declaration
  (compilando archivo de origen "../src/map/chat.c")
  
C:\Users\Jairo.DESKTOP-8VGQSF6\Documents\GitHub\eamod\Servers\eAthena\src\common\malloc.h(87,6): error C2061: error de sintaxis: identificador 'malloc_verify_ptr'
  (compilando archivo de origen "../src/map/guild.c")
  
C:\Users\Jairo.DESKTOP-8VGQSF6\Documents\GitHub\eamod\Servers\eAthena\src\common\malloc.h(87,6): error C2059: error de sintaxis: ';'
  (compilando archivo de origen "../src/map/guild.c")
  
C:\Users\Jairo.DESKTOP-8VGQSF6\Documents\GitHub\eamod\Servers\eAthena\src\common\malloc.h(87,24): error C2059: error de sintaxis: '<parameter-list>'
  (compilando archivo de origen "../src/map/guild.c")
  
C:\Users\Jairo.DESKTOP-8VGQSF6\Documents\GitHub\eamod\Servers\eAthena\src\common\malloc.h(87,6): error C2061: error de sintaxis: identificador 'malloc_verify_ptr'
  (compilando archivo de origen "../src/map/clif.c")
  
C:\Users\Jairo.DESKTOP-8VGQSF6\Documents\GitHub\eamod\Servers\eAthena\src\common\malloc.h(87,6): error C2061: error de sintaxis: identificador 'malloc_verify_ptr'
  (compilando archivo de origen "../src/map/faction.c")
  
C:\Users\Jairo.DESKTOP-8VGQSF6\Documents\GitHub\eamod\Servers\eAthena\src\common\malloc.h(87,6): error C2059: error de sintaxis: ';'
  (compilando archivo de origen "../src/map/clif.c")
  
C:\Users\Jairo.DESKTOP-8VGQSF6\Documents\GitHub\eamod\Servers\eAthena\src\common\malloc.h(87,6): error C2059: error de sintaxis: ';'
  (compilando archivo de origen "../src/map/faction.c")
  
C:\Users\Jairo.DESKTOP-8VGQSF6\Documents\GitHub\eamod\Servers\eAthena\src\common\malloc.h(87,24): error C2059: error de sintaxis: '<parameter-list>'
  (compilando archivo de origen "../src/map/faction.c")
  
C:\Users\Jairo.DESKTOP-8VGQSF6\Documents\GitHub\eamod\Servers\eAthena\src\common\malloc.h(87,24): error C2059: error de sintaxis: '<parameter-list>'
  (compilando archivo de origen "../src/map/clif.c")
  
C:\Program Files (x86)\Windows Kits\10\Include\10.0.26100.0\ucrt\stdio.h(1912,17): warning C4005: 'snprintf': redefinición de macro
  (compilando archivo de origen "../src/map/duel.c")
      C:\Users\Jairo.DESKTOP-8VGQSF6\Documents\GitHub\eamod\Servers\eAthena\src\common\cbasetypes.h(211,9):
      vea la definición anterior de “snprintf”
  
C:\Program Files (x86)\Windows Kits\10\Include\10.0.26100.0\ucrt\stdio.h(1914,1): error C1189: #error:  Macro definition of snprintf conflicts with Standard Library function declaration
  (compilando archivo de origen "../src/map/duel.c")
  
  homunculus.c
  instance.c
  intif.c
C:\Users\Jairo.DESKTOP-8VGQSF6\Documents\GitHub\eamod\Servers\eAthena\src\common\malloc.h(87,6): error C2061: error de sintaxis: identificador 'malloc_verify_ptr'
  (compilando archivo de origen "../src/map/guild_castle.c")
  
C:\Users\Jairo.DESKTOP-8VGQSF6\Documents\GitHub\eamod\Servers\eAthena\src\common\malloc.h(87,6): error C2059: error de sintaxis: ';'
  (compilando archivo de origen "../src/map/guild_castle.c")
  
C:\Users\Jairo.DESKTOP-8VGQSF6\Documents\GitHub\eamod\Servers\eAthena\src\common\malloc.h(87,24): error C2059: error de sintaxis: '<parameter-list>'
  (compilando archivo de origen "../src/map/guild_castle.c")
  
C:\Program Files (x86)\Windows Kits\10\Include\10.0.26100.0\ucrt\stdio.h(1912,17): warning C4005: 'snprintf': redefinición de macro
  (compilando archivo de origen "../src/map/guild.c")
      C:\Users\Jairo.DESKTOP-8VGQSF6\Documents\GitHub\eamod\Servers\eAthena\src\common\cbasetypes.h(211,9):
      vea la definición anterior de “snprintf”
  
C:\Program Files (x86)\Windows Kits\10\Include\10.0.26100.0\ucrt\stdio.h(1914,1): error C1189: #error:  Macro definition of snprintf conflicts with Standard Library function declaration
  (compilando archivo de origen "../src/map/guild.c")
  
C:\Users\Jairo.DESKTOP-8VGQSF6\Documents\GitHub\eamod\Servers\eAthena\src\common\malloc.h(87,6): error C2061: error de sintaxis: identificador 'malloc_verify_ptr'
  (compilando archivo de origen "../src/map/guild_expcache.c")
  
C:\Users\Jairo.DESKTOP-8VGQSF6\Documents\GitHub\eamod\Servers\eAthena\src\common\malloc.h(87,6): error C2061: error de sintaxis: identificador 'malloc_verify_ptr'
  (compilando archivo de origen "../src/map/instance.c")
  
C:\Users\Jairo.DESKTOP-8VGQSF6\Documents\GitHub\eamod\Servers\eAthena\src\common\malloc.h(87,6): error C2059: error de sintaxis: ';'
  (compilando archivo de origen "../src/map/guild_expcache.c")
  
C:\Users\Jairo.DESKTOP-8VGQSF6\Documents\GitHub\eamod\Servers\eAthena\src\common\malloc.h(87,24): error C2059: error de sintaxis: '<parameter-list>'
  (compilando archivo de origen "../src/map/guild_expcache.c")
  
C:\Users\Jairo.DESKTOP-8VGQSF6\Documents\GitHub\eamod\Servers\eAthena\src\common\malloc.h(87,6): error C2059: error de sintaxis: ';'
  (compilando archivo de origen "../src/map/instance.c")
  
C:\Users\Jairo.DESKTOP-8VGQSF6\Documents\GitHub\eamod\Servers\eAthena\src\common\malloc.h(87,24): error C2059: error de sintaxis: '<parameter-list>'
  (compilando archivo de origen "../src/map/instance.c")
  
  itemdb.c
C:\Program Files (x86)\Windows Kits\10\Include\10.0.26100.0\ucrt\stdio.h(1912,17): warning C4005: 'snprintf': redefinición de macro
  (compilando archivo de origen "../src/map/faction.c")
      C:\Users\Jairo.DESKTOP-8VGQSF6\Documents\GitHub\eamod\Servers\eAthena\src\common\cbasetypes.h(211,9):
      vea la definición anterior de “snprintf”
  
C:\Program Files (x86)\Windows Kits\10\Include\10.0.26100.0\ucrt\stdio.h(1914,1): error C1189: #error:  Macro definition of snprintf conflicts with Standard Library function declaration
  (compilando archivo de origen "../src/map/faction.c")
  
  log.c
C:\Program Files (x86)\Windows Kits\10\Include\10.0.26100.0\ucrt\stdio.h(1912,17): warning C4005: 'snprintf': redefinición de macro
  (compilando archivo de origen "../src/map/atcommand.c")
      C:\Users\Jairo.DESKTOP-8VGQSF6\Documents\GitHub\eamod\Servers\eAthena\src\common\cbasetypes.h(211,9):
      vea la definición anterior de “snprintf”
  
C:\Program Files (x86)\Windows Kits\10\Include\10.0.26100.0\ucrt\stdio.h(1914,1): error C1189: #error:  Macro definition of snprintf conflicts with Standard Library function declaration
  (compilando archivo de origen "../src/map/atcommand.c")
  
  mail.c
  map.c
C:\Users\Jairo.DESKTOP-8VGQSF6\Documents\GitHub\eamod\Servers\eAthena\src\common\malloc.h(87,6): error C2061: error de sintaxis: identificador 'malloc_verify_ptr'
  (compilando archivo de origen "../src/map/homunculus.c")
  
C:\Users\Jairo.DESKTOP-8VGQSF6\Documents\GitHub\eamod\Servers\eAthena\src\common\malloc.h(87,6): error C2059: error de sintaxis: ';'
  (compilando archivo de origen "../src/map/homunculus.c")
  
C:\Users\Jairo.DESKTOP-8VGQSF6\Documents\GitHub\eamod\Servers\eAthena\src\common\malloc.h(87,24): error C2059: error de sintaxis: '<parameter-list>'
  (compilando archivo de origen "../src/map/homunculus.c")
  
C:\Users\Jairo.DESKTOP-8VGQSF6\Documents\GitHub\eamod\Servers\eAthena\src\common\malloc.h(87,6): error C2061: error de sintaxis: identificador 'malloc_verify_ptr'
  (compilando archivo de origen "../src/map/log.c")
  
C:\Users\Jairo.DESKTOP-8VGQSF6\Documents\GitHub\eamod\Servers\eAthena\src\common\malloc.h(87,6): error C2059: error de sintaxis: ';'
  (compilando archivo de origen "../src/map/log.c")
  
C:\Users\Jairo.DESKTOP-8VGQSF6\Documents\GitHub\eamod\Servers\eAthena\src\common\malloc.h(87,24): error C2059: error de sintaxis: '<parameter-list>'
  (compilando archivo de origen "../src/map/log.c")
  
  mapreg_sql.c
C:\Users\Jairo.DESKTOP-8VGQSF6\Documents\GitHub\eamod\Servers\eAthena\src\common\malloc.h(87,6): error C2061: error de sintaxis: identificador 'malloc_verify_ptr'
  (compilando archivo de origen "../src/map/itemdb.c")
  
C:\Users\Jairo.DESKTOP-8VGQSF6\Documents\GitHub\eamod\Servers\eAthena\src\common\malloc.h(87,6): error C2059: error de sintaxis: ';'
  (compilando archivo de origen "../src/map/itemdb.c")
  
C:\Users\Jairo.DESKTOP-8VGQSF6\Documents\GitHub\eamod\Servers\eAthena\src\common\malloc.h(87,24): error C2059: error de sintaxis: '<parameter-list>'
  (compilando archivo de origen "../src/map/itemdb.c")
  
C:\Program Files (x86)\Windows Kits\10\Include\10.0.26100.0\ucrt\stdio.h(1912,17): warning C4005: 'snprintf': redefinición de macro
  (compilando archivo de origen "../src/map/buyingstore.c")
      C:\Users\Jairo.DESKTOP-8VGQSF6\Documents\GitHub\eamod\Servers\eAthena\src\common\cbasetypes.h(211,9):
      vea la definición anterior de “snprintf”
  
C:\Program Files (x86)\Windows Kits\10\Include\10.0.26100.0\ucrt\stdio.h(1914,1): error C1189: #error:  Macro definition of snprintf conflicts with Standard Library function declaration
  (compilando archivo de origen "../src/map/buyingstore.c")
  
C:\Program Files (x86)\Windows Kits\10\Include\10.0.26100.0\ucrt\stdio.h(1912,17): warning C4005: 'snprintf': redefinición de macro
  (compilando archivo de origen "../src/map/log.c")
      C:\Users\Jairo.DESKTOP-8VGQSF6\Documents\GitHub\eamod\Servers\eAthena\src\common\cbasetypes.h(211,9):
      vea la definición anterior de “snprintf”
  
C:\Program Files (x86)\Windows Kits\10\Include\10.0.26100.0\ucrt\stdio.h(1914,1): error C1189: #error:  Macro definition of snprintf conflicts with Standard Library function declaration
  (compilando archivo de origen "../src/map/log.c")
  
C:\Users\Jairo.DESKTOP-8VGQSF6\Documents\GitHub\eamod\Servers\eAthena\src\common\malloc.h(87,6): error C2061: error de sintaxis: identificador 'malloc_verify_ptr'
  (compilando archivo de origen "../src/map/intif.c")
  
C:\Users\Jairo.DESKTOP-8VGQSF6\Documents\GitHub\eamod\Servers\eAthena\src\common\malloc.h(87,6): error C2059: error de sintaxis: ';'
  (compilando archivo de origen "../src/map/intif.c")
  
C:\Users\Jairo.DESKTOP-8VGQSF6\Documents\GitHub\eamod\Servers\eAthena\src\common\malloc.h(87,24): error C2059: error de sintaxis: '<parameter-list>'
  (compilando archivo de origen "../src/map/intif.c")
  
  mercenary.c
  mob.c
C:\Program Files (x86)\Windows Kits\10\Include\10.0.26100.0\ucrt\stdio.h(1912,17): warning C4005: 'snprintf': redefinición de macro
  (compilando archivo de origen "../src/map/itemdb.c")
      C:\Users\Jairo.DESKTOP-8VGQSF6\Documents\GitHub\eamod\Servers\eAthena\src\common\cbasetypes.h(211,9):
      vea la definición anterior de “snprintf”
  
C:\Program Files (x86)\Windows Kits\10\Include\10.0.26100.0\ucrt\stdio.h(1914,1): error C1189: #error:  Macro definition of snprintf conflicts with Standard Library function declaration
  (compilando archivo de origen "../src/map/itemdb.c")
  
  npc.c
C:\Program Files (x86)\Windows Kits\10\Include\10.0.26100.0\ucrt\stdio.h(1912,17): warning C4005: 'snprintf': redefinición de macro
  (compilando archivo de origen "../src/map/battleground.c")
      C:\Users\Jairo.DESKTOP-8VGQSF6\Documents\GitHub\eamod\Servers\eAthena\src\common\cbasetypes.h(211,9):
      vea la definición anterior de “snprintf”
  
C:\Program Files (x86)\Windows Kits\10\Include\10.0.26100.0\ucrt\stdio.h(1914,1): error C1189: #error:  Macro definition of snprintf conflicts with Standard Library function declaration
  (compilando archivo de origen "../src/map/battleground.c")
  
C:\Program Files (x86)\Windows Kits\10\Include\10.0.26100.0\ucrt\stdio.h(1912,17): warning C4005: 'snprintf': redefinición de macro
  (compilando archivo de origen "../src/map/instance.c")
      C:\Users\Jairo.DESKTOP-8VGQSF6\Documents\GitHub\eamod\Servers\eAthena\src\common\cbasetypes.h(211,9):
      vea la definición anterior de “snprintf”
  
C:\Program Files (x86)\Windows Kits\10\Include\10.0.26100.0\ucrt\stdio.h(1914,1): error C1189: #error:  Macro definition of snprintf conflicts with Standard Library function declaration
  (compilando archivo de origen "../src/map/instance.c")
  
  npc_chat.c
C:\Users\Jairo.DESKTOP-8VGQSF6\Documents\GitHub\eamod\Servers\eAthena\src\common\malloc.h(87,6): error C2061: error de sintaxis: identificador 'malloc_verify_ptr'
  (compilando archivo de origen "../src/map/mail.c")
  
C:\Users\Jairo.DESKTOP-8VGQSF6\Documents\GitHub\eamod\Servers\eAthena\src\common\malloc.h(87,6): error C2059: error de sintaxis: ';'
  (compilando archivo de origen "../src/map/mail.c")
  
C:\Users\Jairo.DESKTOP-8VGQSF6\Documents\GitHub\eamod\Servers\eAthena\src\common\malloc.h(87,24): error C2059: error de sintaxis: '<parameter-list>'
  (compilando archivo de origen "../src/map/mail.c")
  
C:\Users\Jairo.DESKTOP-8VGQSF6\Documents\GitHub\eamod\Servers\eAthena\src\common\malloc.h(87,6): error C2061: error de sintaxis: identificador 'malloc_verify_ptr'
  (compilando archivo de origen "../src/map/map.c")
  
C:\Users\Jairo.DESKTOP-8VGQSF6\Documents\GitHub\eamod\Servers\eAthena\src\common\malloc.h(87,6): error C2059: error de sintaxis: ';'
  (compilando archivo de origen "../src/map/map.c")
  
C:\Users\Jairo.DESKTOP-8VGQSF6\Documents\GitHub\eamod\Servers\eAthena\src\common\malloc.h(87,24): error C2059: error de sintaxis: '<parameter-list>'
  (compilando archivo de origen "../src/map/map.c")
  
C:\Users\Jairo.DESKTOP-8VGQSF6\Documents\GitHub\eamod\Servers\eAthena\src\common\malloc.h(87,6): error C2061: error de sintaxis: identificador 'malloc_verify_ptr'
  (compilando archivo de origen "../src/map/mercenary.c")
  
C:\Users\Jairo.DESKTOP-8VGQSF6\Documents\GitHub\eamod\Servers\eAthena\src\common\malloc.h(87,6): error C2059: error de sintaxis: ';'
  (compilando archivo de origen "../src/map/mercenary.c")
  
C:\Users\Jairo.DESKTOP-8VGQSF6\Documents\GitHub\eamod\Servers\eAthena\src\common\malloc.h(87,24): error C2059: error de sintaxis: '<parameter-list>'
  (compilando archivo de origen "../src/map/mercenary.c")
  
  party.c
C:\Program Files (x86)\Windows Kits\10\Include\10.0.26100.0\ucrt\stdio.h(1912,17): warning C4005: 'snprintf': redefinición de macro
  (compilando archivo de origen "../src/map/clif.c")
      C:\Users\Jairo.DESKTOP-8VGQSF6\Documents\GitHub\eamod\Servers\eAthena\src\common\cbasetypes.h(211,9):
      vea la definición anterior de “snprintf”
  
C:\Program Files (x86)\Windows Kits\10\Include\10.0.26100.0\ucrt\stdio.h(1914,1): error C1189: #error:  Macro definition of snprintf conflicts with Standard Library function declaration
  (compilando archivo de origen "../src/map/clif.c")
  
  path.c
C:\Users\Jairo.DESKTOP-8VGQSF6\Documents\GitHub\eamod\Servers\eAthena\src\common\malloc.h(87,6): error C2061: error de sintaxis: identificador 'malloc_verify_ptr'
  (compilando archivo de origen "../src/map/mapreg_sql.c")
  
C:\Users\Jairo.DESKTOP-8VGQSF6\Documents\GitHub\eamod\Servers\eAthena\src\common\malloc.h(87,6): error C2059: error de sintaxis: ';'
  (compilando archivo de origen "../src/map/mapreg_sql.c")
  
C:\Users\Jairo.DESKTOP-8VGQSF6\Documents\GitHub\eamod\Servers\eAthena\src\common\malloc.h(87,24): error C2059: error de sintaxis: '<parameter-list>'
  (compilando archivo de origen "../src/map/mapreg_sql.c")
  
C:\Users\Jairo.DESKTOP-8VGQSF6\Documents\GitHub\eamod\Servers\eAthena\src\common\malloc.h(87,6): error C2061: error de sintaxis: identificador 'malloc_verify_ptr'
  (compilando archivo de origen "../src/map/npc.c")
  
C:\Users\Jairo.DESKTOP-8VGQSF6\Documents\GitHub\eamod\Servers\eAthena\src\common\malloc.h(87,6): error C2059: error de sintaxis: ';'
  (compilando archivo de origen "../src/map/npc.c")
  
C:\Users\Jairo.DESKTOP-8VGQSF6\Documents\GitHub\eamod\Servers\eAthena\src\common\malloc.h(87,24): error C2059: error de sintaxis: '<parameter-list>'
  (compilando archivo de origen "../src/map/npc.c")
  
C:\Program Files (x86)\Windows Kits\10\Include\10.0.26100.0\ucrt\stdio.h(1912,17): warning C4005: 'snprintf': redefinición de macro
  (compilando archivo de origen "../src/map/chrif.c")
      C:\Users\Jairo.DESKTOP-8VGQSF6\Documents\GitHub\eamod\Servers\eAthena\src\common\cbasetypes.h(211,9):
      vea la definición anterior de “snprintf”
  
C:\Program Files (x86)\Windows Kits\10\Include\10.0.26100.0\ucrt\stdio.h(1914,1): error C1189: #error:  Macro definition of snprintf conflicts with Standard Library function declaration
  (compilando archivo de origen "../src/map/chrif.c")
  
  pc.c
C:\Users\Jairo.DESKTOP-8VGQSF6\Documents\GitHub\eamod\Servers\eAthena\src\common\malloc.h(87,6): error C2061: error de sintaxis: identificador 'malloc_verify_ptr'
  (compilando archivo de origen "../src/map/mob.c")
  
C:\Users\Jairo.DESKTOP-8VGQSF6\Documents\GitHub\eamod\Servers\eAthena\src\common\malloc.h(87,6): error C2059: error de sintaxis: ';'
  (compilando archivo de origen "../src/map/mob.c")
  
C:\Users\Jairo.DESKTOP-8VGQSF6\Documents\GitHub\eamod\Servers\eAthena\src\common\malloc.h(87,24): error C2059: error de sintaxis: '<parameter-list>'
  (compilando archivo de origen "../src/map/mob.c")
  
C:\Users\Jairo.DESKTOP-8VGQSF6\Documents\GitHub\eamod\Servers\eAthena\src\common\malloc.h(87,6): error C2061: error de sintaxis: identificador 'malloc_verify_ptr'
  (compilando archivo de origen "../src/map/path.c")
  
C:\Users\Jairo.DESKTOP-8VGQSF6\Documents\GitHub\eamod\Servers\eAthena\src\common\malloc.h(87,6): error C2059: error de sintaxis: ';'
  (compilando archivo de origen "../src/map/path.c")
  
C:\Users\Jairo.DESKTOP-8VGQSF6\Documents\GitHub\eamod\Servers\eAthena\src\common\malloc.h(87,24): error C2059: error de sintaxis: '<parameter-list>'
  (compilando archivo de origen "../src/map/path.c")
  
C:\Users\Jairo.DESKTOP-8VGQSF6\Documents\GitHub\eamod\Servers\eAthena\src\common\malloc.h(87,6): error C2061: error de sintaxis: identificador 'malloc_verify_ptr'
  (compilando archivo de origen "../src/map/npc_chat.c")
  
C:\Users\Jairo.DESKTOP-8VGQSF6\Documents\GitHub\eamod\Servers\eAthena\src\common\malloc.h(87,6): error C2059: error de sintaxis: ';'
  (compilando archivo de origen "../src/map/npc_chat.c")
  
C:\Users\Jairo.DESKTOP-8VGQSF6\Documents\GitHub\eamod\Servers\eAthena\src\common\malloc.h(87,24): error C2059: error de sintaxis: '<parameter-list>'
  (compilando archivo de origen "../src/map/npc_chat.c")
  
  pet.c
  quest.c
C:\Users\Jairo.DESKTOP-8VGQSF6\Documents\GitHub\eamod\Servers\eAthena\src\common\malloc.h(87,6): error C2061: error de sintaxis: identificador 'malloc_verify_ptr'
  (compilando archivo de origen "../src/map/party.c")
  
C:\Users\Jairo.DESKTOP-8VGQSF6\Documents\GitHub\eamod\Servers\eAthena\src\common\malloc.h(87,6): error C2059: error de sintaxis: ';'
  (compilando archivo de origen "../src/map/party.c")
  
C:\Users\Jairo.DESKTOP-8VGQSF6\Documents\GitHub\eamod\Servers\eAthena\src\common\malloc.h(87,24): error C2059: error de sintaxis: '<parameter-list>'
  (compilando archivo de origen "../src/map/party.c")
  
C:\Program Files (x86)\Windows Kits\10\Include\10.0.26100.0\ucrt\stdio.h(1912,17): warning C4005: 'snprintf': redefinición de macro
  (compilando archivo de origen "../src/map/npc.c")
      C:\Users\Jairo.DESKTOP-8VGQSF6\Documents\GitHub\eamod\Servers\eAthena\src\common\cbasetypes.h(211,9):
      vea la definición anterior de “snprintf”
  
C:\Program Files (x86)\Windows Kits\10\Include\10.0.26100.0\ucrt\stdio.h(1914,1): error C1189: #error:  Macro definition of snprintf conflicts with Standard Library function declaration
  (compilando archivo de origen "../src/map/npc.c")
  
  region.c
C:\Program Files (x86)\Windows Kits\10\Include\10.0.26100.0\ucrt\stdio.h(1912,17): warning C4005: 'snprintf': redefinición de macro
  (compilando archivo de origen "../src/map/mob.c")
      C:\Users\Jairo.DESKTOP-8VGQSF6\Documents\GitHub\eamod\Servers\eAthena\src\common\cbasetypes.h(211,9):
      vea la definición anterior de “snprintf”
  
C:\Program Files (x86)\Windows Kits\10\Include\10.0.26100.0\ucrt\stdio.h(1914,1): error C1189: #error:  Macro definition of snprintf conflicts with Standard Library function declaration
  (compilando archivo de origen "../src/map/mob.c")
  
C:\Program Files (x86)\Windows Kits\10\Include\10.0.26100.0\ucrt\stdio.h(1912,17): warning C4005: 'snprintf': redefinición de macro
  (compilando archivo de origen "../src/map/homunculus.c")
      C:\Users\Jairo.DESKTOP-8VGQSF6\Documents\GitHub\eamod\Servers\eAthena\src\common\cbasetypes.h(211,9):
      vea la definición anterior de “snprintf”
  
C:\Program Files (x86)\Windows Kits\10\Include\10.0.26100.0\ucrt\stdio.h(1914,1): error C1189: #error:  Macro definition of snprintf conflicts with Standard Library function declaration
  (compilando archivo de origen "../src/map/homunculus.c")
  
C:\Users\Jairo.DESKTOP-8VGQSF6\Documents\GitHub\eamod\Servers\eAthena\src\common\malloc.h(87,6): error C2061: error de sintaxis: identificador 'malloc_verify_ptr'
  (compilando archivo de origen "../src/map/pet.c")
  
C:\Users\Jairo.DESKTOP-8VGQSF6\Documents\GitHub\eamod\Servers\eAthena\src\common\malloc.h(87,6): error C2059: error de sintaxis: ';'
  (compilando archivo de origen "../src/map/pet.c")
  
C:\Users\Jairo.DESKTOP-8VGQSF6\Documents\GitHub\eamod\Servers\eAthena\src\common\malloc.h(87,24): error C2059: error de sintaxis: '<parameter-list>'
  (compilando archivo de origen "../src/map/pet.c")
  
C:\Users\Jairo.DESKTOP-8VGQSF6\Documents\GitHub\eamod\Servers\eAthena\src\common\malloc.h(87,6): error C2061: error de sintaxis: identificador 'malloc_verify_ptr'
  (compilando archivo de origen "../src/map/pc.c")
  
C:\Users\Jairo.DESKTOP-8VGQSF6\Documents\GitHub\eamod\Servers\eAthena\src\common\malloc.h(87,6): error C2059: error de sintaxis: ';'
  (compilando archivo de origen "../src/map/pc.c")
  
C:\Users\Jairo.DESKTOP-8VGQSF6\Documents\GitHub\eamod\Servers\eAthena\src\common\malloc.h(87,24): error C2059: error de sintaxis: '<parameter-list>'
  (compilando archivo de origen "../src/map/pc.c")
  
  script.c
  searchstore.c
C:\Program Files (x86)\Windows Kits\10\Include\10.0.26100.0\ucrt\stdio.h(1912,17): warning C4005: 'snprintf': redefinición de macro
  (compilando archivo de origen "../src/map/path.c")
      C:\Users\Jairo.DESKTOP-8VGQSF6\Documents\GitHub\eamod\Servers\eAthena\src\common\cbasetypes.h(211,9):
      vea la definición anterior de “snprintf”
  
C:\Program Files (x86)\Windows Kits\10\Include\10.0.26100.0\ucrt\stdio.h(1914,1): error C1189: #error:  Macro definition of snprintf conflicts with Standard Library function declaration
  (compilando archivo de origen "../src/map/path.c")
  
C:\Program Files (x86)\Windows Kits\10\Include\10.0.26100.0\ucrt\stdio.h(1912,17): warning C4005: 'snprintf': redefinición de macro
  (compilando archivo de origen "../src/map/npc_chat.c")
      C:\Users\Jairo.DESKTOP-8VGQSF6\Documents\GitHub\eamod\Servers\eAthena\src\common\cbasetypes.h(211,9):
      vea la definición anterior de “snprintf”
  
C:\Program Files (x86)\Windows Kits\10\Include\10.0.26100.0\ucrt\stdio.h(1914,1): error C1189: #error:  Macro definition of snprintf conflicts with Standard Library function declaration
  (compilando archivo de origen "../src/map/npc_chat.c")
  
  skill.c
  status.c
C:\Users\Jairo.DESKTOP-8VGQSF6\Documents\GitHub\eamod\Servers\eAthena\src\common\malloc.h(87,6): error C2061: error de sintaxis: identificador 'malloc_verify_ptr'
  (compilando archivo de origen "../src/map/quest.c")
  
C:\Users\Jairo.DESKTOP-8VGQSF6\Documents\GitHub\eamod\Servers\eAthena\src\common\malloc.h(87,6): error C2059: error de sintaxis: ';'
  (compilando archivo de origen "../src/map/quest.c")
  
C:\Users\Jairo.DESKTOP-8VGQSF6\Documents\GitHub\eamod\Servers\eAthena\src\common\malloc.h(87,24): error C2059: error de sintaxis: '<parameter-list>'
  (compilando archivo de origen "../src/map/quest.c")
  
C:\Users\Jairo.DESKTOP-8VGQSF6\Documents\GitHub\eamod\Servers\eAthena\src\common\malloc.h(87,6): error C2061: error de sintaxis: identificador 'malloc_verify_ptr'
  (compilando archivo de origen "../src/map/region.c")
  
C:\Users\Jairo.DESKTOP-8VGQSF6\Documents\GitHub\eamod\Servers\eAthena\src\common\malloc.h(87,6): error C2059: error de sintaxis: ';'
  (compilando archivo de origen "../src/map/region.c")
  
C:\Users\Jairo.DESKTOP-8VGQSF6\Documents\GitHub\eamod\Servers\eAthena\src\common\malloc.h(87,24): error C2059: error de sintaxis: '<parameter-list>'
  (compilando archivo de origen "../src/map/region.c")
  
C:\Program Files (x86)\Windows Kits\10\Include\10.0.26100.0\ucrt\stdio.h(1912,17): warning C4005: 'snprintf': redefinición de macro
  (compilando archivo de origen "../src/map/pet.c")
      C:\Users\Jairo.DESKTOP-8VGQSF6\Documents\GitHub\eamod\Servers\eAthena\src\common\cbasetypes.h(211,9):
      vea la definición anterior de “snprintf”
  
C:\Program Files (x86)\Windows Kits\10\Include\10.0.26100.0\ucrt\stdio.h(1914,1): error C1189: #error:  Macro definition of snprintf conflicts with Standard Library function declaration
  (compilando archivo de origen "../src/map/pet.c")
  
  storage.c
C:\Users\Jairo.DESKTOP-8VGQSF6\Documents\GitHub\eamod\Servers\eAthena\src\common\malloc.h(87,6): error C2061: error de sintaxis: identificador 'malloc_verify_ptr'
  (compilando archivo de origen "../src/map/searchstore.c")
  
C:\Users\Jairo.DESKTOP-8VGQSF6\Documents\GitHub\eamod\Servers\eAthena\src\common\malloc.h(87,6): error C2059: error de sintaxis: ';'
  (compilando archivo de origen "../src/map/searchstore.c")
  
C:\Users\Jairo.DESKTOP-8VGQSF6\Documents\GitHub\eamod\Servers\eAthena\src\common\malloc.h(87,24): error C2059: error de sintaxis: '<parameter-list>'
  (compilando archivo de origen "../src/map/searchstore.c")
  
C:\Program Files (x86)\Windows Kits\10\Include\10.0.26100.0\ucrt\stdio.h(1912,17): warning C4005: 'snprintf': redefinición de macro
  (compilando archivo de origen "../src/map/intif.c")
      C:\Users\Jairo.DESKTOP-8VGQSF6\Documents\GitHub\eamod\Servers\eAthena\src\common\cbasetypes.h(211,9):
      vea la definición anterior de “snprintf”
  
C:\Program Files (x86)\Windows Kits\10\Include\10.0.26100.0\ucrt\stdio.h(1914,1): error C1189: #error:  Macro definition of snprintf conflicts with Standard Library function declaration
  (compilando archivo de origen "../src/map/intif.c")
  
C:\Users\Jairo.DESKTOP-8VGQSF6\Documents\GitHub\eamod\Servers\eAthena\src\common\malloc.h(87,6): error C2061: error de sintaxis: identificador 'malloc_verify_ptr'
  (compilando archivo de origen "../src/map/script.c")
  
C:\Users\Jairo.DESKTOP-8VGQSF6\Documents\GitHub\eamod\Servers\eAthena\src\common\malloc.h(87,6): error C2059: error de sintaxis: ';'
  (compilando archivo de origen "../src/map/script.c")
  
C:\Users\Jairo.DESKTOP-8VGQSF6\Documents\GitHub\eamod\Servers\eAthena\src\common\malloc.h(87,24): error C2059: error de sintaxis: '<parameter-list>'
  (compilando archivo de origen "../src/map/script.c")
  
  trade.c
C:\Program Files (x86)\Windows Kits\10\Include\10.0.26100.0\ucrt\stdio.h(1912,17): warning C4005: 'snprintf': redefinición de macro
  (compilando archivo de origen "../src/map/mercenary.c")
      C:\Users\Jairo.DESKTOP-8VGQSF6\Documents\GitHub\eamod\Servers\eAthena\src\common\cbasetypes.h(211,9):
      vea la definición anterior de “snprintf”
  
C:\Program Files (x86)\Windows Kits\10\Include\10.0.26100.0\ucrt\stdio.h(1914,1): error C1189: #error:  Macro definition of snprintf conflicts with Standard Library function declaration
  (compilando archivo de origen "../src/map/mercenary.c")
  
  unit.c
C:\Program Files (x86)\Windows Kits\10\Include\10.0.26100.0\ucrt\stdio.h(1912,17): warning C4005: 'snprintf': redefinición de macro
  (compilando archivo de origen "../src/map/map.c")
      C:\Users\Jairo.DESKTOP-8VGQSF6\Documents\GitHub\eamod\Servers\eAthena\src\common\cbasetypes.h(211,9):
      vea la definición anterior de “snprintf”
  
C:\Program Files (x86)\Windows Kits\10\Include\10.0.26100.0\ucrt\stdio.h(1914,1): error C1189: #error:  Macro definition of snprintf conflicts with Standard Library function declaration
  (compilando archivo de origen "../src/map/map.c")
  
C:\Users\Jairo.DESKTOP-8VGQSF6\Documents\GitHub\eamod\Servers\eAthena\src\common\malloc.h(87,6): error C2061: error de sintaxis: identificador 'malloc_verify_ptr'
  (compilando archivo de origen "../src/map/skill.c")
  
C:\Users\Jairo.DESKTOP-8VGQSF6\Documents\GitHub\eamod\Servers\eAthena\src\common\malloc.h(87,6): error C2059: error de sintaxis: ';'
  (compilando archivo de origen "../src/map/skill.c")
  
C:\Users\Jairo.DESKTOP-8VGQSF6\Documents\GitHub\eamod\Servers\eAthena\src\common\malloc.h(87,24): error C2059: error de sintaxis: '<parameter-list>'
  (compilando archivo de origen "../src/map/skill.c")
  
  vending.c
C:\Users\Jairo.DESKTOP-8VGQSF6\Documents\GitHub\eamod\Servers\eAthena\src\common\malloc.h(87,6): error C2061: error de sintaxis: identificador 'malloc_verify_ptr'
  (compilando archivo de origen "../src/map/status.c")
  
C:\Users\Jairo.DESKTOP-8VGQSF6\Documents\GitHub\eamod\Servers\eAthena\src\common\malloc.h(87,6): error C2059: error de sintaxis: ';'
  (compilando archivo de origen "../src/map/status.c")
  
C:\Users\Jairo.DESKTOP-8VGQSF6\Documents\GitHub\eamod\Servers\eAthena\src\common\malloc.h(87,24): error C2059: error de sintaxis: '<parameter-list>'
  (compilando archivo de origen "../src/map/status.c")
  
C:\Users\Jairo.DESKTOP-8VGQSF6\Documents\GitHub\eamod\Servers\eAthena\src\common\malloc.h(87,6): error C2061: error de sintaxis: identificador 'malloc_verify_ptr'
  (compilando archivo de origen "../src/map/storage.c")
  
C:\Users\Jairo.DESKTOP-8VGQSF6\Documents\GitHub\eamod\Servers\eAthena\src\common\malloc.h(87,6): error C2059: error de sintaxis: ';'
  (compilando archivo de origen "../src/map/storage.c")
  
C:\Users\Jairo.DESKTOP-8VGQSF6\Documents\GitHub\eamod\Servers\eAthena\src\common\malloc.h(87,24): error C2059: error de sintaxis: '<parameter-list>'
  (compilando archivo de origen "../src/map/storage.c")
  
C:\Program Files (x86)\Windows Kits\10\Include\10.0.26100.0\ucrt\stdio.h(1912,17): warning C4005: 'snprintf': redefinición de macro
  (compilando archivo de origen "../src/map/region.c")
      C:\Users\Jairo.DESKTOP-8VGQSF6\Documents\GitHub\eamod\Servers\eAthena\src\common\cbasetypes.h(211,9):
      vea la definición anterior de “snprintf”
  
C:\Program Files (x86)\Windows Kits\10\Include\10.0.26100.0\ucrt\stdio.h(1914,1): error C1189: #error:  Macro definition of snprintf conflicts with Standard Library function declaration
  (compilando archivo de origen "../src/map/region.c")
  
C:\Users\Jairo.DESKTOP-8VGQSF6\Documents\GitHub\eamod\Servers\eAthena\src\common\malloc.h(87,6): error C2061: error de sintaxis: identificador 'malloc_verify_ptr'
  (compilando archivo de origen "../src/map/trade.c")
  
C:\Users\Jairo.DESKTOP-8VGQSF6\Documents\GitHub\eamod\Servers\eAthena\src\common\malloc.h(87,6): error C2059: error de sintaxis: ';'
  (compilando archivo de origen "../src/map/trade.c")
  
C:\Users\Jairo.DESKTOP-8VGQSF6\Documents\GitHub\eamod\Servers\eAthena\src\common\malloc.h(87,24): error C2059: error de sintaxis: '<parameter-list>'
  (compilando archivo de origen "../src/map/trade.c")
  
C:\Program Files (x86)\Windows Kits\10\Include\10.0.26100.0\ucrt\stdio.h(1912,17): warning C4005: 'snprintf': redefinición de macro
  (compilando archivo de origen "../src/map/status.c")
      C:\Users\Jairo.DESKTOP-8VGQSF6\Documents\GitHub\eamod\Servers\eAthena\src\common\cbasetypes.h(211,9):
      vea la definición anterior de “snprintf”
  
C:\Program Files (x86)\Windows Kits\10\Include\10.0.26100.0\ucrt\stdio.h(1914,1): error C1189: #error:  Macro definition of snprintf conflicts with Standard Library function declaration
  (compilando archivo de origen "../src/map/status.c")
  
C:\Program Files (x86)\Windows Kits\10\Include\10.0.26100.0\ucrt\stdio.h(1912,17): warning C4005: 'snprintf': redefinición de macro
  (compilando archivo de origen "../src/map/skill.c")
      C:\Users\Jairo.DESKTOP-8VGQSF6\Documents\GitHub\eamod\Servers\eAthena\src\common\cbasetypes.h(211,9):
      vea la definición anterior de “snprintf”
  
C:\Program Files (x86)\Windows Kits\10\Include\10.0.26100.0\ucrt\stdio.h(1914,1): error C1189: #error:  Macro definition of snprintf conflicts with Standard Library function declaration
  (compilando archivo de origen "../src/map/skill.c")
  
C:\Users\Jairo.DESKTOP-8VGQSF6\Documents\GitHub\eamod\Servers\eAthena\src\common\malloc.h(87,6): error C2061: error de sintaxis: identificador 'malloc_verify_ptr'
  (compilando archivo de origen "../src/map/vending.c")
  
C:\Users\Jairo.DESKTOP-8VGQSF6\Documents\GitHub\eamod\Servers\eAthena\src\common\malloc.h(87,6): error C2059: error de sintaxis: ';'
  (compilando archivo de origen "../src/map/vending.c")
  
C:\Users\Jairo.DESKTOP-8VGQSF6\Documents\GitHub\eamod\Servers\eAthena\src\common\malloc.h(87,24): error C2059: error de sintaxis: '<parameter-list>'
  (compilando archivo de origen "../src/map/vending.c")
  
C:\Users\Jairo.DESKTOP-8VGQSF6\Documents\GitHub\eamod\Servers\eAthena\src\common\malloc.h(87,6): error C2061: error de sintaxis: identificador 'malloc_verify_ptr'
  (compilando archivo de origen "../src/map/unit.c")
  
C:\Users\Jairo.DESKTOP-8VGQSF6\Documents\GitHub\eamod\Servers\eAthena\src\common\malloc.h(87,6): error C2059: error de sintaxis: ';'
  (compilando archivo de origen "../src/map/unit.c")
  
C:\Users\Jairo.DESKTOP-8VGQSF6\Documents\GitHub\eamod\Servers\eAthena\src\common\malloc.h(87,24): error C2059: error de sintaxis: '<parameter-list>'
  (compilando archivo de origen "../src/map/unit.c")
  
C:\Program Files (x86)\Windows Kits\10\Include\10.0.26100.0\ucrt\stdio.h(1912,17): warning C4005: 'snprintf': redefinición de macro
  (compilando archivo de origen "../src/map/party.c")
      C:\Users\Jairo.DESKTOP-8VGQSF6\Documents\GitHub\eamod\Servers\eAthena\src\common\cbasetypes.h(211,9):
      vea la definición anterior de “snprintf”
  
C:\Program Files (x86)\Windows Kits\10\Include\10.0.26100.0\ucrt\stdio.h(1914,1): error C1189: #error:  Macro definition of snprintf conflicts with Standard Library function declaration
  (compilando archivo de origen "../src/map/party.c")
  
C:\Program Files (x86)\Windows Kits\10\Include\10.0.26100.0\ucrt\stdio.h(1912,17): warning C4005: 'snprintf': redefinición de macro
  (compilando archivo de origen "../src/map/storage.c")
      C:\Users\Jairo.DESKTOP-8VGQSF6\Documents\GitHub\eamod\Servers\eAthena\src\common\cbasetypes.h(211,9):
      vea la definición anterior de “snprintf”
  
C:\Program Files (x86)\Windows Kits\10\Include\10.0.26100.0\ucrt\stdio.h(1914,1): error C1189: #error:  Macro definition of snprintf conflicts with Standard Library function declaration
  (compilando archivo de origen "../src/map/storage.c")
  
C:\Program Files (x86)\Windows Kits\10\Include\10.0.26100.0\ucrt\stdio.h(1912,17): warning C4005: 'snprintf': redefinición de macro
  (compilando archivo de origen "../src/map/pc.c")
      C:\Users\Jairo.DESKTOP-8VGQSF6\Documents\GitHub\eamod\Servers\eAthena\src\common\cbasetypes.h(211,9):
      vea la definición anterior de “snprintf”
  
C:\Program Files (x86)\Windows Kits\10\Include\10.0.26100.0\ucrt\stdio.h(1914,1): error C1189: #error:  Macro definition of snprintf conflicts with Standard Library function declaration
  (compilando archivo de origen "../src/map/pc.c")
  
C:\Program Files (x86)\Windows Kits\10\Include\10.0.26100.0\ucrt\stdio.h(1912,17): warning C4005: 'snprintf': redefinición de macro
  (compilando archivo de origen "../src/map/vending.c")
      C:\Users\Jairo.DESKTOP-8VGQSF6\Documents\GitHub\eamod\Servers\eAthena\src\common\cbasetypes.h(211,9):
      vea la definición anterior de “snprintf”
  
C:\Program Files (x86)\Windows Kits\10\Include\10.0.26100.0\ucrt\stdio.h(1914,1): error C1189: #error:  Macro definition of snprintf conflicts with Standard Library function declaration
  (compilando archivo de origen "../src/map/vending.c")
  
C:\Program Files (x86)\Windows Kits\10\Include\10.0.26100.0\ucrt\stdio.h(1912,17): warning C4005: 'snprintf': redefinición de macro
  (compilando archivo de origen "../src/map/quest.c")
      C:\Users\Jairo.DESKTOP-8VGQSF6\Documents\GitHub\eamod\Servers\eAthena\src\common\cbasetypes.h(211,9):
      vea la definición anterior de “snprintf”
  
C:\Program Files (x86)\Windows Kits\10\Include\10.0.26100.0\ucrt\stdio.h(1914,1): error C1189: #error:  Macro definition of snprintf conflicts with Standard Library function declaration
  (compilando archivo de origen "../src/map/quest.c")
  
C:\Program Files (x86)\Windows Kits\10\Include\10.0.26100.0\ucrt\stdio.h(1912,17): warning C4005: 'snprintf': redefinición de macro
  (compilando archivo de origen "../src/map/unit.c")
      C:\Users\Jairo.DESKTOP-8VGQSF6\Documents\GitHub\eamod\Servers\eAthena\src\common\cbasetypes.h(211,9):
      vea la definición anterior de “snprintf”
  
C:\Program Files (x86)\Windows Kits\10\Include\10.0.26100.0\ucrt\stdio.h(1914,1): error C1189: #error:  Macro definition of snprintf conflicts with Standard Library function declaration
  (compilando archivo de origen "../src/map/unit.c")
  
C:\Program Files (x86)\Windows Kits\10\Include\10.0.26100.0\ucrt\stdio.h(1912,17): warning C4005: 'snprintf': redefinición de macro
  (compilando archivo de origen "../src/map/script.c")
      C:\Users\Jairo.DESKTOP-8VGQSF6\Documents\GitHub\eamod\Servers\eAthena\src\common\cbasetypes.h(211,9):
      vea la definición anterior de “snprintf”
  
C:\Program Files (x86)\Windows Kits\10\Include\10.0.26100.0\ucrt\stdio.h(1914,1): error C1189: #error:  Macro definition of snprintf conflicts with Standard Library function declaration
  (compilando archivo de origen "../src/map/script.c")
  
C:\Program Files (x86)\Windows Kits\10\Include\10.0.26100.0\ucrt\stdio.h(1912,17): warning C4005: 'snprintf': redefinición de macro
  (compilando archivo de origen "../src/map/trade.c")
      C:\Users\Jairo.DESKTOP-8VGQSF6\Documents\GitHub\eamod\Servers\eAthena\src\common\cbasetypes.h(211,9):
      vea la definición anterior de “snprintf”
  
C:\Program Files (x86)\Windows Kits\10\Include\10.0.26100.0\ucrt\stdio.h(1914,1): error C1189: #error:  Macro definition of snprintf conflicts with Standard Library function declaration
  (compilando archivo de origen "../src/map/trade.c")
  
