c:\users\jairo.desktop-8vgqsf6\desktop\servidor   por fuera dev la  raiz\wair0\vcproj-12\char-server_sql\debug\vc140.pdb
c:\users\jairo.desktop-8vgqsf6\desktop\servidor   por fuera dev la  raiz\wair0\vcproj-12\char-server_sql\debug\vc140.idb
c:\users\jairo.desktop-8vgqsf6\desktop\servidor   por fuera dev la  raiz\wair0\vcproj-12\char-server_sql\debug\inter.obj
c:\users\jairo.desktop-8vgqsf6\desktop\servidor   por fuera dev la  raiz\wair0\vcproj-12\char-server_sql\debug\int_storage.obj
c:\users\jairo.desktop-8vgqsf6\desktop\servidor   por fuera dev la  raiz\wair0\vcproj-12\char-server_sql\debug\int_quest.obj
c:\users\jairo.desktop-8vgqsf6\desktop\servidor   por fuera dev la  raiz\wair0\vcproj-12\char-server_sql\debug\int_pet.obj
c:\users\jairo.desktop-8vgqsf6\desktop\servidor   por fuera dev la  raiz\wair0\vcproj-12\char-server_sql\debug\int_party.obj
c:\users\jairo.desktop-8vgqsf6\desktop\servidor   por fuera dev la  raiz\wair0\vcproj-12\char-server_sql\debug\int_mercenary.obj
c:\users\jairo.desktop-8vgqsf6\desktop\servidor   por fuera dev la  raiz\wair0\vcproj-12\char-server_sql\debug\int_mail.obj
c:\users\jairo.desktop-8vgqsf6\desktop\servidor   por fuera dev la  raiz\wair0\vcproj-12\char-server_sql\debug\int_homun.obj
c:\users\jairo.desktop-8vgqsf6\desktop\servidor   por fuera dev la  raiz\wair0\vcproj-12\char-server_sql\debug\int_guild.obj
c:\users\jairo.desktop-8vgqsf6\desktop\servidor   por fuera dev la  raiz\wair0\vcproj-12\char-server_sql\debug\int_auction.obj
c:\users\jairo.desktop-8vgqsf6\desktop\servidor   por fuera dev la  raiz\wair0\vcproj-12\char-server_sql\debug\int_achievement.obj
c:\users\jairo.desktop-8vgqsf6\desktop\servidor   por fuera dev la  raiz\wair0\vcproj-12\char-server_sql\debug\char.obj
c:\users\jairo.desktop-8vgqsf6\desktop\servidor   por fuera dev la  raiz\wair0\vcproj-12\..\char-server_sql.exe
c:\users\jairo.desktop-8vgqsf6\desktop\servidor   por fuera dev la  raiz\wair0\vcproj-12\char-server_sql\debug\char-server_sql.tlog\cl.command.1.tlog
c:\users\jairo.desktop-8vgqsf6\desktop\servidor   por fuera dev la  raiz\wair0\vcproj-12\char-server_sql\debug\char-server_sql.tlog\cl.read.1.tlog
c:\users\jairo.desktop-8vgqsf6\desktop\servidor   por fuera dev la  raiz\wair0\vcproj-12\char-server_sql\debug\char-server_sql.tlog\cl.write.1.tlog
c:\users\jairo.desktop-8vgqsf6\desktop\servidor   por fuera dev la  raiz\wair0\vcproj-12\char-server_sql\debug\char-server_sql.tlog\link.command.1.tlog
c:\users\jairo.desktop-8vgqsf6\desktop\servidor   por fuera dev la  raiz\wair0\vcproj-12\char-server_sql\debug\char-server_sql.tlog\link.read.1.tlog
c:\users\jairo.desktop-8vgqsf6\desktop\servidor   por fuera dev la  raiz\wair0\vcproj-12\char-server_sql\debug\char-server_sql.tlog\link.write.1.tlog
