  core.c
  db.c
  des.c
  ers.c
  grfio.c
  lock.c
  malloc.c
  mapindex.c
  nullpo.c
  plugins.c
  random.c
  showmsg.c
C:\Users\Jairo.DESKTOP-8VGQSF6\Documents\GitHub\eamod\Servers\eAthena\src\common\malloc.h(87,6): error C2061: error de sintaxis: identificador 'malloc_verify_ptr'
  (compilando archivo de origen "../src/common/core.c")
  
C:\Users\Jairo.DESKTOP-8VGQSF6\Documents\GitHub\eamod\Servers\eAthena\src\common\malloc.h(87,6): error C2059: error de sintaxis: ';'
  (compilando archivo de origen "../src/common/core.c")
  
C:\Users\Jairo.DESKTOP-8VGQSF6\Documents\GitHub\eamod\Servers\eAthena\src\common\malloc.h(87,24): error C2059: error de sintaxis: '<parameter-list>'
  (compilando archivo de origen "../src/common/core.c")
  
C:\Users\Jairo.DESKTOP-8VGQSF6\Documents\GitHub\eamod\Servers\eAthena\src\common\malloc.h(87,6): error C2061: error de sintaxis: identificador 'malloc_verify_ptr'
  (compilando archivo de origen "../src/common/grfio.c")
  
C:\Users\Jairo.DESKTOP-8VGQSF6\Documents\GitHub\eamod\Servers\eAthena\src\common\malloc.h(87,6): error C2059: error de sintaxis: ';'
  (compilando archivo de origen "../src/common/grfio.c")
  
C:\Users\Jairo.DESKTOP-8VGQSF6\Documents\GitHub\eamod\Servers\eAthena\src\common\malloc.h(87,24): error C2059: error de sintaxis: '<parameter-list>'
  (compilando archivo de origen "../src/common/grfio.c")
  
C:\Users\Jairo.DESKTOP-8VGQSF6\Documents\GitHub\eamod\Servers\eAthena\src\common\malloc.h(87,6): error C2061: error de sintaxis: identificador 'malloc_verify_ptr'
  (compilando archivo de origen "../src/common/des.c")
  
C:\Users\Jairo.DESKTOP-8VGQSF6\Documents\GitHub\eamod\Servers\eAthena\src\common\malloc.h(87,6): error C2059: error de sintaxis: ';'
  (compilando archivo de origen "../src/common/des.c")
  
C:\Users\Jairo.DESKTOP-8VGQSF6\Documents\GitHub\eamod\Servers\eAthena\src\common\malloc.h(87,24): error C2059: error de sintaxis: '<parameter-list>'
  (compilando archivo de origen "../src/common/des.c")
  
C:\Users\Jairo.DESKTOP-8VGQSF6\Documents\GitHub\eamod\Servers\eAthena\src\common\malloc.h(87,6): error C2061: error de sintaxis: identificador 'malloc_verify_ptr'
  (compilando archivo de origen "../src/common/lock.c")
  
C:\Users\Jairo.DESKTOP-8VGQSF6\Documents\GitHub\eamod\Servers\eAthena\src\common\malloc.h(87,6): error C2059: error de sintaxis: ';'
  (compilando archivo de origen "../src/common/lock.c")
  
C:\Users\Jairo.DESKTOP-8VGQSF6\Documents\GitHub\eamod\Servers\eAthena\src\common\malloc.h(87,24): error C2059: error de sintaxis: '<parameter-list>'
  (compilando archivo de origen "../src/common/lock.c")
  
C:\Users\Jairo.DESKTOP-8VGQSF6\Documents\GitHub\eamod\Servers\eAthena\src\common\malloc.h(87,6): error C2061: error de sintaxis: identificador 'malloc_verify_ptr'
  (compilando archivo de origen "../src/common/ers.c")
  
C:\Users\Jairo.DESKTOP-8VGQSF6\Documents\GitHub\eamod\Servers\eAthena\src\common\malloc.h(87,6): error C2059: error de sintaxis: ';'
  (compilando archivo de origen "../src/common/ers.c")
  
C:\Users\Jairo.DESKTOP-8VGQSF6\Documents\GitHub\eamod\Servers\eAthena\src\common\malloc.h(87,6): error C2061: error de sintaxis: identificador 'malloc_verify_ptr'
  (compilando archivo de origen "../src/common/db.c")
  
C:\Users\Jairo.DESKTOP-8VGQSF6\Documents\GitHub\eamod\Servers\eAthena\src\common\malloc.h(87,24): error C2059: error de sintaxis: '<parameter-list>'
  (compilando archivo de origen "../src/common/ers.c")
  
C:\Users\Jairo.DESKTOP-8VGQSF6\Documents\GitHub\eamod\Servers\eAthena\src\common\malloc.h(87,6): error C2059: error de sintaxis: ';'
  (compilando archivo de origen "../src/common/db.c")
  
C:\Users\Jairo.DESKTOP-8VGQSF6\Documents\GitHub\eamod\Servers\eAthena\src\common\malloc.h(87,24): error C2059: error de sintaxis: '<parameter-list>'
  (compilando archivo de origen "../src/common/db.c")
  
C:\Users\Jairo.DESKTOP-8VGQSF6\Documents\GitHub\eamod\Servers\eAthena\src\common\malloc.h(87,6): error C2061: error de sintaxis: identificador 'malloc_verify_ptr'
  (compilando archivo de origen "../src/common/malloc.c")
  
C:\Users\Jairo.DESKTOP-8VGQSF6\Documents\GitHub\eamod\Servers\eAthena\src\common\malloc.h(87,6): error C2059: error de sintaxis: ';'
  (compilando archivo de origen "../src/common/malloc.c")
  
C:\Users\Jairo.DESKTOP-8VGQSF6\Documents\GitHub\eamod\Servers\eAthena\src\common\malloc.h(87,24): error C2059: error de sintaxis: '<parameter-list>'
  (compilando archivo de origen "../src/common/malloc.c")
  
C:\Users\Jairo.DESKTOP-8VGQSF6\Documents\GitHub\eamod\Servers\eAthena\src\common\malloc.h(87,6): error C2061: error de sintaxis: identificador 'malloc_verify_ptr'
  (compilando archivo de origen "../src/common/random.c")
  
C:\Users\Jairo.DESKTOP-8VGQSF6\Documents\GitHub\eamod\Servers\eAthena\src\common\malloc.h(87,6): error C2061: error de sintaxis: identificador 'malloc_verify_ptr'
  (compilando archivo de origen "../src/common/nullpo.c")
  
C:\Users\Jairo.DESKTOP-8VGQSF6\Documents\GitHub\eamod\Servers\eAthena\src\common\malloc.h(87,6): error C2059: error de sintaxis: ';'
  (compilando archivo de origen "../src/common/random.c")
  
C:\Users\Jairo.DESKTOP-8VGQSF6\Documents\GitHub\eamod\Servers\eAthena\src\common\malloc.h(87,6): error C2059: error de sintaxis: ';'
  (compilando archivo de origen "../src/common/nullpo.c")
  
C:\Users\Jairo.DESKTOP-8VGQSF6\Documents\GitHub\eamod\Servers\eAthena\src\common\malloc.h(87,24): error C2059: error de sintaxis: '<parameter-list>'
  (compilando archivo de origen "../src/common/random.c")
  
C:\Users\Jairo.DESKTOP-8VGQSF6\Documents\GitHub\eamod\Servers\eAthena\src\common\malloc.h(87,24): error C2059: error de sintaxis: '<parameter-list>'
  (compilando archivo de origen "../src/common/nullpo.c")
  
C:\Users\Jairo.DESKTOP-8VGQSF6\Documents\GitHub\eamod\Servers\eAthena\src\common\malloc.h(87,6): error C2061: error de sintaxis: identificador 'malloc_verify_ptr'
  (compilando archivo de origen "../src/common/showmsg.c")
  
C:\Users\Jairo.DESKTOP-8VGQSF6\Documents\GitHub\eamod\Servers\eAthena\src\common\malloc.h(87,6): error C2059: error de sintaxis: ';'
  (compilando archivo de origen "../src/common/showmsg.c")
  
C:\Users\Jairo.DESKTOP-8VGQSF6\Documents\GitHub\eamod\Servers\eAthena\src\common\malloc.h(87,24): error C2059: error de sintaxis: '<parameter-list>'
  (compilando archivo de origen "../src/common/showmsg.c")
  
C:\Users\Jairo.DESKTOP-8VGQSF6\Documents\GitHub\eamod\Servers\eAthena\src\common\malloc.h(87,6): error C2061: error de sintaxis: identificador 'malloc_verify_ptr'
  (compilando archivo de origen "../src/common/mapindex.c")
  
C:\Users\Jairo.DESKTOP-8VGQSF6\Documents\GitHub\eamod\Servers\eAthena\src\common\malloc.h(87,6): error C2061: error de sintaxis: identificador 'malloc_verify_ptr'
  (compilando archivo de origen "../src/common/plugins.c")
  
C:\Users\Jairo.DESKTOP-8VGQSF6\Documents\GitHub\eamod\Servers\eAthena\src\common\malloc.h(87,6): error C2059: error de sintaxis: ';'
  (compilando archivo de origen "../src/common/mapindex.c")
  
C:\Users\Jairo.DESKTOP-8VGQSF6\Documents\GitHub\eamod\Servers\eAthena\src\common\malloc.h(87,24): error C2059: error de sintaxis: '<parameter-list>'
  (compilando archivo de origen "../src/common/mapindex.c")
  
C:\Users\Jairo.DESKTOP-8VGQSF6\Documents\GitHub\eamod\Servers\eAthena\src\common\malloc.h(87,6): error C2059: error de sintaxis: ';'
  (compilando archivo de origen "../src/common/plugins.c")
  
C:\Users\Jairo.DESKTOP-8VGQSF6\Documents\GitHub\eamod\Servers\eAthena\src\common\malloc.h(87,24): error C2059: error de sintaxis: '<parameter-list>'
  (compilando archivo de origen "../src/common/plugins.c")
  
C:\Program Files (x86)\Windows Kits\10\Include\10.0.26100.0\ucrt\stdio.h(1912,17): warning C4005: 'snprintf': redefinición de macro
  (compilando archivo de origen "../src/common/lock.c")
      C:\Users\Jairo.DESKTOP-8VGQSF6\Documents\GitHub\eamod\Servers\eAthena\src\common\cbasetypes.h(211,9):
      vea la definición anterior de “snprintf”
  
C:\Program Files (x86)\Windows Kits\10\Include\10.0.26100.0\ucrt\stdio.h(1914,1): error C1189: #error:  Macro definition of snprintf conflicts with Standard Library function declaration
  (compilando archivo de origen "../src/common/lock.c")
  
  socket.c
C:\Program Files (x86)\Windows Kits\10\Include\10.0.26100.0\ucrt\stdio.h(1912,17): warning C4005: 'snprintf': redefinición de macro
  (compilando archivo de origen "../src/common/malloc.c")
      C:\Users\Jairo.DESKTOP-8VGQSF6\Documents\GitHub\eamod\Servers\eAthena\src\common\cbasetypes.h(211,9):
      vea la definición anterior de “snprintf”
  
C:\Program Files (x86)\Windows Kits\10\Include\10.0.26100.0\ucrt\stdio.h(1914,1): error C1189: #error:  Macro definition of snprintf conflicts with Standard Library function declaration
  (compilando archivo de origen "../src/common/malloc.c")
  
  strlib.c
C:\Program Files (x86)\Windows Kits\10\Include\10.0.26100.0\ucrt\stdio.h(1912,17): warning C4005: 'snprintf': redefinición de macro
  (compilando archivo de origen "../src/common/grfio.c")
      C:\Users\Jairo.DESKTOP-8VGQSF6\Documents\GitHub\eamod\Servers\eAthena\src\common\cbasetypes.h(211,9):
      vea la definición anterior de “snprintf”
  
C:\Program Files (x86)\Windows Kits\10\Include\10.0.26100.0\ucrt\stdio.h(1914,1): error C1189: #error:  Macro definition of snprintf conflicts with Standard Library function declaration
  (compilando archivo de origen "../src/common/grfio.c")
  
  timer.c
  utils.c
C:\Program Files (x86)\Windows Kits\10\Include\10.0.26100.0\ucrt\stdio.h(1912,17): warning C4005: 'snprintf': redefinición de macro
  (compilando archivo de origen "../src/common/nullpo.c")
      C:\Users\Jairo.DESKTOP-8VGQSF6\Documents\GitHub\eamod\Servers\eAthena\src\common\cbasetypes.h(211,9):
      vea la definición anterior de “snprintf”
  
C:\Program Files (x86)\Windows Kits\10\Include\10.0.26100.0\ucrt\stdio.h(1914,1): error C1189: #error:  Macro definition of snprintf conflicts with Standard Library function declaration
  (compilando archivo de origen "../src/common/nullpo.c")
  
C:\Program Files (x86)\Windows Kits\10\Include\10.0.26100.0\ucrt\stdio.h(1912,17): warning C4005: 'snprintf': redefinición de macro
  (compilando archivo de origen "../src/common/showmsg.c")
      C:\Users\Jairo.DESKTOP-8VGQSF6\Documents\GitHub\eamod\Servers\eAthena\src\common\cbasetypes.h(211,9):
      vea la definición anterior de “snprintf”
  
C:\Program Files (x86)\Windows Kits\10\Include\10.0.26100.0\ucrt\stdio.h(1914,1): error C1189: #error:  Macro definition of snprintf conflicts with Standard Library function declaration
  (compilando archivo de origen "../src/common/showmsg.c")
  
C:\Program Files (x86)\Windows Kits\10\Include\10.0.26100.0\ucrt\stdio.h(1912,17): warning C4005: 'snprintf': redefinición de macro
  (compilando archivo de origen "../src/common/mapindex.c")
      C:\Users\Jairo.DESKTOP-8VGQSF6\Documents\GitHub\eamod\Servers\eAthena\src\common\cbasetypes.h(211,9):
      vea la definición anterior de “snprintf”
  
C:\Program Files (x86)\Windows Kits\10\Include\10.0.26100.0\ucrt\stdio.h(1914,1): error C1189: #error:  Macro definition of snprintf conflicts with Standard Library function declaration
  (compilando archivo de origen "../src/common/mapindex.c")
  
C:\Program Files (x86)\Windows Kits\10\Include\10.0.26100.0\ucrt\stdio.h(1912,17): warning C4005: 'snprintf': redefinición de macro
  (compilando archivo de origen "../src/common/plugins.c")
      C:\Users\Jairo.DESKTOP-8VGQSF6\Documents\GitHub\eamod\Servers\eAthena\src\common\cbasetypes.h(211,9):
      vea la definición anterior de “snprintf”
  
C:\Program Files (x86)\Windows Kits\10\Include\10.0.26100.0\ucrt\stdio.h(1914,1): error C1189: #error:  Macro definition of snprintf conflicts with Standard Library function declaration
  (compilando archivo de origen "../src/common/plugins.c")
  
C:\Users\Jairo.DESKTOP-8VGQSF6\Documents\GitHub\eamod\Servers\eAthena\src\common\malloc.h(87,6): error C2061: error de sintaxis: identificador 'malloc_verify_ptr'
  (compilando archivo de origen "../src/common/timer.c")
  
C:\Users\Jairo.DESKTOP-8VGQSF6\Documents\GitHub\eamod\Servers\eAthena\src\common\malloc.h(87,6): error C2059: error de sintaxis: ';'
  (compilando archivo de origen "../src/common/timer.c")
  
C:\Users\Jairo.DESKTOP-8VGQSF6\Documents\GitHub\eamod\Servers\eAthena\src\common\malloc.h(87,24): error C2059: error de sintaxis: '<parameter-list>'
  (compilando archivo de origen "../src/common/timer.c")
  
C:\Users\Jairo.DESKTOP-8VGQSF6\Documents\GitHub\eamod\Servers\eAthena\src\common\malloc.h(87,6): error C2061: error de sintaxis: identificador 'malloc_verify_ptr'
  (compilando archivo de origen "../src/common/socket.c")
  
C:\Users\Jairo.DESKTOP-8VGQSF6\Documents\GitHub\eamod\Servers\eAthena\src\common\malloc.h(87,6): error C2059: error de sintaxis: ';'
  (compilando archivo de origen "../src/common/socket.c")
  
C:\Users\Jairo.DESKTOP-8VGQSF6\Documents\GitHub\eamod\Servers\eAthena\src\common\malloc.h(87,24): error C2059: error de sintaxis: '<parameter-list>'
  (compilando archivo de origen "../src/common/socket.c")
  
C:\Users\Jairo.DESKTOP-8VGQSF6\Documents\GitHub\eamod\Servers\eAthena\src\common\malloc.h(87,6): error C2061: error de sintaxis: identificador 'malloc_verify_ptr'
  (compilando archivo de origen "../src/common/strlib.c")
  
C:\Users\Jairo.DESKTOP-8VGQSF6\Documents\GitHub\eamod\Servers\eAthena\src\common\malloc.h(87,6): error C2059: error de sintaxis: ';'
  (compilando archivo de origen "../src/common/strlib.c")
  
C:\Users\Jairo.DESKTOP-8VGQSF6\Documents\GitHub\eamod\Servers\eAthena\src\common\malloc.h(87,24): error C2059: error de sintaxis: '<parameter-list>'
  (compilando archivo de origen "../src/common/strlib.c")
  
C:\Users\Jairo.DESKTOP-8VGQSF6\Documents\GitHub\eamod\Servers\eAthena\src\common\malloc.h(87,6): error C2061: error de sintaxis: identificador 'malloc_verify_ptr'
  (compilando archivo de origen "../src/common/utils.c")
  
C:\Users\Jairo.DESKTOP-8VGQSF6\Documents\GitHub\eamod\Servers\eAthena\src\common\malloc.h(87,6): error C2059: error de sintaxis: ';'
  (compilando archivo de origen "../src/common/utils.c")
  
C:\Users\Jairo.DESKTOP-8VGQSF6\Documents\GitHub\eamod\Servers\eAthena\src\common\malloc.h(87,24): error C2059: error de sintaxis: '<parameter-list>'
  (compilando archivo de origen "../src/common/utils.c")
  
C:\Program Files (x86)\Windows Kits\10\Include\10.0.26100.0\ucrt\stdio.h(1912,17): warning C4005: 'snprintf': redefinición de macro
  (compilando archivo de origen "../src/common/timer.c")
      C:\Users\Jairo.DESKTOP-8VGQSF6\Documents\GitHub\eamod\Servers\eAthena\src\common\cbasetypes.h(211,9):
      vea la definición anterior de “snprintf”
  
C:\Program Files (x86)\Windows Kits\10\Include\10.0.26100.0\ucrt\stdio.h(1914,1): error C1189: #error:  Macro definition of snprintf conflicts with Standard Library function declaration
  (compilando archivo de origen "../src/common/timer.c")
  
C:\Program Files (x86)\Windows Kits\10\Include\10.0.26100.0\ucrt\stdio.h(1912,17): warning C4005: 'snprintf': redefinición de macro
  (compilando archivo de origen "../src/common/strlib.c")
      C:\Users\Jairo.DESKTOP-8VGQSF6\Documents\GitHub\eamod\Servers\eAthena\src\common\cbasetypes.h(211,9):
      vea la definición anterior de “snprintf”
  
C:\Program Files (x86)\Windows Kits\10\Include\10.0.26100.0\ucrt\stdio.h(1914,1): error C1189: #error:  Macro definition of snprintf conflicts with Standard Library function declaration
  (compilando archivo de origen "../src/common/strlib.c")
  
C:\Program Files (x86)\Windows Kits\10\Include\10.0.26100.0\ucrt\stdio.h(1912,17): warning C4005: 'snprintf': redefinición de macro
  (compilando archivo de origen "../src/common/core.c")
      C:\Users\Jairo.DESKTOP-8VGQSF6\Documents\GitHub\eamod\Servers\eAthena\src\common\cbasetypes.h(211,9):
      vea la definición anterior de “snprintf”
  
C:\Program Files (x86)\Windows Kits\10\Include\10.0.26100.0\ucrt\stdio.h(1914,1): error C1189: #error:  Macro definition of snprintf conflicts with Standard Library function declaration
  (compilando archivo de origen "../src/common/core.c")
  
C:\Program Files (x86)\Windows Kits\10\Include\10.0.26100.0\ucrt\stdio.h(1912,17): warning C4005: 'snprintf': redefinición de macro
  (compilando archivo de origen "../src/common/utils.c")
      C:\Users\Jairo.DESKTOP-8VGQSF6\Documents\GitHub\eamod\Servers\eAthena\src\common\cbasetypes.h(211,9):
      vea la definición anterior de “snprintf”
  
C:\Program Files (x86)\Windows Kits\10\Include\10.0.26100.0\ucrt\stdio.h(1914,1): error C1189: #error:  Macro definition of snprintf conflicts with Standard Library function declaration
  (compilando archivo de origen "../src/common/utils.c")
  
C:\Program Files (x86)\Windows Kits\10\Include\10.0.26100.0\ucrt\stdio.h(1912,17): warning C4005: 'snprintf': redefinición de macro
  (compilando archivo de origen "../src/common/socket.c")
      C:\Users\Jairo.DESKTOP-8VGQSF6\Documents\GitHub\eamod\Servers\eAthena\src\common\cbasetypes.h(211,9):
      vea la definición anterior de “snprintf”
  
C:\Program Files (x86)\Windows Kits\10\Include\10.0.26100.0\ucrt\stdio.h(1914,1): error C1189: #error:  Macro definition of snprintf conflicts with Standard Library function declaration
  (compilando archivo de origen "../src/common/socket.c")
  
